// Jest Snapshot v1, https://goo.gl/fbAQLP

exports[`PhotoList is rendering renders 1`] = `
<DocumentFragment>
  <div>
    <div
      class="modalBackdrop"
    >
      <div
        class="modalContainer"
      >
        <h3
          class="modalTitle"
        >
          Photo Name
        </h3>
        <img
          alt="current category"
        />
        <p>
          Photo Description
        </p>
        <button
          type="button"
        >
          Close this modal
        </button>
      </div>
    </div>
    <div
      class="flex-row"
    />
  </div>
</DocumentFragment>
`;
